N=5, 40 random rapidity sets, columns alpha/pi = [0.0, 1.0]
xi=1.7557pi psi/pi=+0.3797 (|psi|N/pi=1.90)
   Q=0 (dim 51): 2.2e-01 9.1e-12   Krein<= 2e-11
   Q=1 (dim 45): 3.7e-13 5.4e-14   Krein<= 7e-13
   Q=2 (dim 30): 2.0e-01 3.1e-14   Krein<= 8e-14
   Q=3 (dim 15): 2.8e-14 2.5e-14   Krein<= 6e-14
   Q=4 (dim  5): 7.8e-15 6.3e-15   Krein<= 2e-14
   Q=5 (dim  1): 0.0e+00 0.0e+00   Krein<= 0e+00
xi=1.5886pi psi/pi=+0.4197 (|psi|N/pi=2.10)
   Q=0 (dim 51): 2.5e-01 7.6e-12   Krein<= 2e-11
   Q=1 (dim 45): 1.9e-13 3.3e-14   Krein<= 4e-13
   Q=2 (dim 30): 2.3e-01 2.6e-14   Krein<= 5e-14
   Q=3 (dim 15): 1.7e-14 1.5e-14   Krein<= 3e-14
   Q=4 (dim  5): 5.8e-15 4.2e-15   Krein<= 1e-14
   Q=5 (dim  1): 0.0e+00 0.0e+00   Krein<= 0e+00
xi=1.4828pi psi/pi=+0.4496 (|psi|N/pi=2.25)
   Q=0 (dim 51): 2.2e-01 5.6e-03   Krein<= 1e-11
   Q=1 (dim 45): 1.9e-13 7.8e-14   Krein<= 4e-13
   Q=2 (dim 30): 1.9e-01 1.1e-02   Krein<= 1e-13
   Q=3 (dim 15): 3.1e-14 3.9e-14   Krein<= 8e-14
   Q=4 (dim  5): 9.3e-15 1.0e-14   Krein<= 2e-14
   Q=5 (dim  1): 0.0e+00 0.0e+00   Krein<= 0e+00
xi=1.3346pi psi/pi=+0.4995 (|psi|N/pi=2.50)
   Q=0 (dim 51): 2.3e-03 2.1e-05   Krein<= 6e-08
   Q=1 (dim 45): 2.4e-12 2.1e-12   Krein<= 5e-12
   Q=2 (dim 30): 1.6e-04 1.7e-04   Krein<= 2e-11
   Q=3 (dim 15): 1.1e-12 1.2e-12   Krein<= 2e-12
   Q=4 (dim  5): 4.1e-13 4.1e-13   Krein<= 8e-13
   Q=5 (dim  1): 0.0e+00 0.0e+00   Krein<= 0e+00
xi=1.1124pi psi/pi=+0.5993 (|psi|N/pi=3.00)
   Q=0 (dim 51): 7.2e-01 1.9e-01   Krein<= 1e-11
   Q=1 (dim 45): 2.1e-13 4.8e-14   Krein<= 4e-13
   Q=2 (dim 30): 7.0e-01 2.2e-01   Krein<= 8e-13
   Q=3 (dim 15): 9.9e-15 4.2e-14   Krein<= 8e-14
   Q=4 (dim  5): 4.9e-15 4.7e-15   Krein<= 1e-14
   Q=5 (dim  1): 0.0e+00 0.0e+00   Krein<= 0e+00
