e6 a=1 b=1: zeros/poles q:N = {0:1, 2:-1, 6:1, 8:-1} fit=8.3e-31 mix=5.0e-30
e6 a=1 b=2: zeros/poles q:N = {3:1, 5:-1, 7:1, 9:-1} fit=2.1e-30 mix=1.2e-30
e6 a=1 b=3: zeros/poles q:N = {1:1, 3:-1, 5:1, 9:-1} fit=2.0e-30 mix=1.6e-30
e6 a=1 b=4: zeros/poles q:N = {2:1, 10:-1} fit=1.2e-30 mix=2.6e-31
e6 a=1 b=5: zeros/poles q:N = {3:1, 7:-1, 9:1, 11:-1} fit=2.0e-30 mix=1.0e-30
e6 a=1 b=6: zeros/poles q:N = {4:1, 6:-1, 10:1, 12:-1} fit=8.6e-31 mix=8.4e-31
e6 a=2 b=1: zeros/poles q:N = {3:1, 5:-1, 7:1, 9:-1} fit=3.5e-30 mix=3.0e-30
e6 a=2 b=2: zeros/poles q:N = {0:1, 2:-1, 4:1, 8:-1, 10:1, 12:-1} fit=3.8e-30 mix=3.8e-30
e6 a=2 b=3: zeros/poles q:N = {2:1, 10:-1} fit=1.1e-30 mix=3.1e-31
e6 a=2 b=4: zeros/poles q:N = {1:1, 5:1, 7:-1, 11:-1} fit=1.9e-30 mix=9.1e-31
e6 a=2 b=5: zeros/poles q:N = {2:1, 10:-1} fit=1.1e-30 mix=3.1e-31
e6 a=2 b=6: zeros/poles q:N = {3:1, 5:-1, 7:1, 9:-1} fit=2.9e-30 mix=2.3e-30
e6 a=3 b=1: zeros/poles q:N = {1:1, 3:-1, 5:1, 9:-1} fit=6.6e-31 mix=8.2e-31
e6 a=3 b=2: zeros/poles q:N = {2:1, 10:-1} fit=4.7e-31 mix=6.9e-31
e6 a=3 b=3: zeros/poles q:N = {0:1, 6:1, 8:-1, 10:-1} fit=2.7e-30 mix=8.3e-31
e6 a=3 b=4: zeros/poles q:N = {1:1, 3:1, 9:-1, 11:-1} fit=1.4e-30 mix=8.2e-31
e6 a=3 b=5: zeros/poles q:N = {2:1, 4:1, 6:-1, 12:-1} fit=2.4e-30 mix=5.2e-31
e6 a=3 b=6: zeros/poles q:N = {3:1, 7:-1, 9:1, 11:-1} fit=1.8e-30 mix=8.4e-31
e6 a=4 b=1: zeros/poles q:N = {2:1, 10:-1} fit=2.0e-30 mix=1.8e-28
e6 a=4 b=2: zeros/poles q:N = {1:1, 5:1, 7:-1, 11:-1} fit=6.3e-29 mix=1.3e-28
e6 a=4 b=3: zeros/poles q:N = {1:1, 3:1, 9:-1, 11:-1} fit=9.9e-30 mix=7.8e-29
e6 a=4 b=4: zeros/poles q:N = {0:1, 2:1, 4:1, 8:-1, 10:-1, 12:-1} fit=3.6e-28 mix=1.7e-28
e6 a=4 b=5: zeros/poles q:N = {1:1, 3:1, 9:-1, 11:-1} fit=9.9e-30 mix=2.8e-29
e6 a=4 b=6: zeros/poles q:N = {2:1, 10:-1} fit=3.7e-30 mix=1.6e-28
e6 a=5 b=1: zeros/poles q:N = {3:1, 7:-1, 9:1, 11:-1} fit=6.7e-31 mix=5.9e-31
e6 a=5 b=2: zeros/poles q:N = {2:1, 10:-1} fit=4.9e-31 mix=7.3e-31
e6 a=5 b=3: zeros/poles q:N = {2:1, 4:1, 6:-1, 12:-1} fit=2.4e-30 mix=6.3e-31
e6 a=5 b=4: zeros/poles q:N = {1:1, 3:1, 9:-1, 11:-1} fit=1.5e-30 mix=9.2e-31
e6 a=5 b=5: zeros/poles q:N = {0:1, 6:1, 8:-1, 10:-1} fit=2.7e-30 mix=6.5e-31
e6 a=5 b=6: zeros/poles q:N = {1:1, 3:-1, 5:1, 9:-1} fit=9.2e-31 mix=7.1e-31
e6 a=6 b=1: zeros/poles q:N = {4:1, 6:-1, 10:1, 12:-1} fit=1.2e-30 mix=1.6e-30
e6 a=6 b=2: zeros/poles q:N = {3:1, 5:-1, 7:1, 9:-1} fit=1.5e-30 mix=3.2e-30
e6 a=6 b=3: zeros/poles q:N = {3:1, 7:-1, 9:1, 11:-1} fit=2.9e-30 mix=1.1e-30
e6 a=6 b=4: zeros/poles q:N = {2:1, 10:-1} fit=1.3e-30 mix=3.9e-31
e6 a=6 b=5: zeros/poles q:N = {1:1, 3:-1, 5:1, 9:-1} fit=3.9e-30 mix=1.7e-30
e6 a=6 b=6: zeros/poles q:N = {0:1, 2:-1, 6:1, 8:-1} fit=2.9e-30 mix=3.6e-30
e6 WORST {'dropped': 8.729753413643934e-30, 'resid': 5.8341197737335145e-28, 'eig': 7.009034730710803e-28, 'mix': 1.7553967215828234e-28, 'fit': 3.5525321745257494e-28}
time 54.81594657897949
