d8 a=1 b=1: zeros/poles q:N = {0:1, 2:-1, 12:1, 14:-1} fit=4.3e-30 mix=3.0e-30
d8 a=1 b=2: zeros/poles q:N = {1:1, 3:-1, 11:1, 13:-1} fit=5.4e-30 mix=3.2e-30
d8 a=1 b=3: zeros/poles q:N = {2:1, 4:-1, 10:1, 12:-1} fit=1.8e-29 mix=1.5e-29
d8 a=1 b=4: zeros/poles q:N = {3:1, 5:-1, 9:1, 11:-1} fit=2.0e-30 mix=3.3e-30
d8 a=1 b=5: zeros/poles q:N = {4:1, 6:-1, 8:1, 10:-1} fit=3.1e-30 mix=1.0e-30
d8 a=1 b=6: zeros/poles q:N = {5:1, 9:-1} fit=1.5e-30 mix=7.1e-31
d8 a=1 b=7: zeros/poles q:N = {6:1, 8:-1} fit=1.8e-30 mix=2.3e-31
d8 a=1 b=8: zeros/poles q:N = {6:1, 8:-1} fit=1.8e-30 mix=1.9e-31
d8 a=2 b=1: zeros/poles q:N = {1:1, 3:-1, 11:1, 13:-1} fit=1.3e-29 mix=1.2e-30
d8 a=2 b=2: zeros/poles q:N = {0:1, 4:-1, 10:1, 14:-1} fit=3.6e-30 mix=2.0e-30
d8 a=2 b=3: zeros/poles q:N = {1:1, 5:-1, 9:1, 13:-1} fit=5.8e-30 mix=1.6e-30
d8 a=2 b=4: zeros/poles q:N = {2:1, 6:-1, 8:1, 12:-1} fit=8.5e-31 mix=2.9e-30
d8 a=2 b=5: zeros/poles q:N = {3:1, 11:-1} fit=3.0e-30 mix=7.3e-30
d8 a=2 b=6: zeros/poles q:N = {4:1, 6:1, 8:-1, 10:-1} fit=1.4e-30 mix=1.6e-30
d8 a=2 b=7: zeros/poles q:N = {5:1, 9:-1} fit=1.0e-30 mix=1.9e-32
d8 a=2 b=8: zeros/poles q:N = {5:1, 9:-1} fit=1.0e-30 mix=1.9e-32
d8 a=3 b=1: zeros/poles q:N = {2:1, 4:-1, 10:1, 12:-1} fit=6.6e-30 mix=1.9e-30
d8 a=3 b=2: zeros/poles q:N = {1:1, 5:-1, 9:1, 13:-1} fit=6.2e-30 mix=6.1e-31
d8 a=3 b=3: zeros/poles q:N = {0:1, 6:-1, 8:1, 14:-1} fit=2.3e-30 mix=9.5e-31
d8 a=3 b=4: zeros/poles q:N = {1:1, 13:-1} fit=6.1e-31 mix=9.6e-31
d8 a=3 b=5: zeros/poles q:N = {2:1, 6:1, 8:-1, 12:-1} fit=1.9e-30 mix=9.9e-31
d8 a=3 b=6: zeros/poles q:N = {3:1, 5:1, 9:-1, 11:-1} fit=1.1e-30 mix=3.1e-30
d8 a=3 b=7: zeros/poles q:N = {4:1, 10:-1} fit=7.9e-31 mix=4.5e-32
d8 a=3 b=8: zeros/poles q:N = {4:1, 10:-1} fit=7.9e-31 mix=4.6e-32
d8 a=4 b=1: zeros/poles q:N = {3:1, 5:-1, 9:1, 11:-1} fit=2.5e-30 mix=3.0e-30
d8 a=4 b=2: zeros/poles q:N = {2:1, 6:-1, 8:1, 12:-1} fit=2.8e-30 mix=1.3e-30
d8 a=4 b=3: zeros/poles q:N = {1:1, 13:-1} fit=6.5e-31 mix=6.9e-31
d8 a=4 b=4: zeros/poles q:N = {0:1, 6:1, 8:-1, 14:-1} fit=1.5e-30 mix=6.5e-31
d8 a=4 b=5: zeros/poles q:N = {1:1, 5:1, 9:-1, 13:-1} fit=2.6e-30 mix=9.4e-31
d8 a=4 b=6: zeros/poles q:N = {2:1, 4:1, 10:-1, 12:-1} fit=2.3e-30 mix=9.0e-31
d8 a=4 b=7: zeros/poles q:N = {3:1, 11:-1} fit=6.4e-31 mix=4.7e-33
d8 a=4 b=8: zeros/poles q:N = {3:1, 11:-1} fit=6.4e-31 mix=4.7e-33
d8 a=5 b=1: zeros/poles q:N = {4:1, 6:-1, 8:1, 10:-1} fit=4.1e-30 mix=7.7e-30
d8 a=5 b=2: zeros/poles q:N = {3:1, 11:-1} fit=1.2e-30 mix=1.4e-30
d8 a=5 b=3: zeros/poles q:N = {2:1, 6:1, 8:-1, 12:-1} fit=1.7e-30 mix=1.0e-30
d8 a=5 b=4: zeros/poles q:N = {1:1, 5:1, 9:-1, 13:-1} fit=2.0e-30 mix=1.4e-30
d8 a=5 b=5: zeros/poles q:N = {0:1, 4:1, 10:-1, 14:-1} fit=4.4e-30 mix=9.3e-31
d8 a=5 b=6: zeros/poles q:N = {1:1, 3:1, 11:-1, 13:-1} fit=6.1e-30 mix=1.5e-30
d8 a=5 b=7: zeros/poles q:N = {2:1, 12:-1} fit=5.0e-31 mix=1.5e-31
d8 a=5 b=8: zeros/poles q:N = {2:1, 12:-1} fit=5.0e-31 mix=1.5e-31
d8 a=6 b=1: zeros/poles q:N = {5:1, 9:-1} fit=2.8e-30 mix=9.9e-30
d8 a=6 b=2: zeros/poles q:N = {4:1, 6:1, 8:-1, 10:-1} fit=9.2e-30 mix=1.2e-29
d8 a=6 b=3: zeros/poles q:N = {3:1, 5:1, 9:-1, 11:-1} fit=6.5e-30 mix=2.5e-30
d8 a=6 b=4: zeros/poles q:N = {2:1, 4:1, 10:-1, 12:-1} fit=5.4e-30 mix=4.1e-30
d8 a=6 b=5: zeros/poles q:N = {1:1, 3:1, 11:-1, 13:-1} fit=9.3e-30 mix=6.7e-30
d8 a=6 b=6: zeros/poles q:N = {0:1, 2:1, 12:-1, 14:-1} fit=8.0e-30 mix=1.5e-29
d8 a=6 b=7: zeros/poles q:N = {1:1, 13:-1} fit=1.6e-30 mix=2.6e-31
d8 a=6 b=8: zeros/poles q:N = {1:1, 13:-1} fit=1.6e-30 mix=2.6e-31
d8 a=7 b=1: zeros/poles q:N = {6:1, 8:-1} fit=1.7e-30 mix=2.1e-30
d8 a=7 b=2: zeros/poles q:N = {5:1, 9:-1} fit=2.1e-30 mix=3.7e-30
d8 a=7 b=3: zeros/poles q:N = {4:1, 10:-1} fit=1.5e-30 mix=2.3e-30
d8 a=7 b=4: zeros/poles q:N = {3:1, 11:-1} fit=1.0e-30 mix=1.3e-30
d8 a=7 b=5: zeros/poles q:N = {2:1, 12:-1} fit=4.6e-30 mix=9.4e-31
d8 a=7 b=6: zeros/poles q:N = {1:1, 13:-1} fit=1.8e-30 mix=1.0e-30
d8 a=7 b=7: zeros/poles q:N = {0:1, 2:-1, 4:1, 6:-1, 8:1, 10:-1, 12:1, 14:-1} fit=1.8e-30 mix=6.3e-32
d8 a=7 b=8: zeros/poles q:N = {2:1, 4:-1, 6:1, 8:-1, 10:1, 12:-1} fit=2.2e-30 mix=6.5e-32
d8 a=8 b=1: zeros/poles q:N = {6:1, 8:-1} fit=1.7e-30 mix=2.1e-30
d8 a=8 b=2: zeros/poles q:N = {5:1, 9:-1} fit=2.1e-30 mix=3.7e-30
d8 a=8 b=3: zeros/poles q:N = {4:1, 10:-1} fit=1.5e-30 mix=2.3e-30
d8 a=8 b=4: zeros/poles q:N = {3:1, 11:-1} fit=1.0e-30 mix=1.3e-30
d8 a=8 b=5: zeros/poles q:N = {2:1, 12:-1} fit=4.6e-30 mix=9.4e-31
d8 a=8 b=6: zeros/poles q:N = {1:1, 13:-1} fit=1.8e-30 mix=1.0e-30
d8 a=8 b=7: zeros/poles q:N = {2:1, 4:-1, 6:1, 8:-1, 10:1, 12:-1} fit=2.2e-30 mix=6.2e-32
d8 a=8 b=8: zeros/poles q:N = {0:1, 2:-1, 4:1, 6:-1, 8:1, 10:-1, 12:1, 14:-1} fit=1.8e-30 mix=6.6e-32
d8 WORST {'dropped': 1.290052865088769e-29, 'resid': 2.8560798825852637e-29, 'eig': 1.490226301515089e-28, 'mix': 1.5040001008167162e-29, 'fit': 1.843227914251923e-29}
time 99.41192603111267
