e7 a=1 b=1: zeros/poles q:N = {0:1, 2:-1, 6:1, 8:-1, 10:1, 12:-1, 16:1, 18:-1} fit=1.1e-29 mix=1.4e-29
e7 a=1 b=2: zeros/poles q:N = {3:1, 5:-1, 7:1, 11:-1, 13:1, 15:-1} fit=4.1e-30 mix=3.0e-30
e7 a=1 b=3: zeros/poles q:N = {1:1, 3:-1, 5:1, 13:-1, 15:1, 17:-1} fit=9.7e-31 mix=1.3e-30
e7 a=1 b=4: zeros/poles q:N = {2:1, 8:1, 10:-1, 16:-1} fit=5.9e-30 mix=9.2e-31
e7 a=1 b=5: zeros/poles q:N = {3:1, 15:-1} fit=1.7e-30 mix=1.3e-30
e7 a=1 b=6: zeros/poles q:N = {4:1, 8:-1, 10:1, 14:-1} fit=5.6e-30 mix=4.0e-30
e7 a=1 b=7: zeros/poles q:N = {5:1, 7:-1, 11:1, 13:-1} fit=2.3e-30 mix=8.3e-30
e7 a=2 b=1: zeros/poles q:N = {3:1, 5:-1, 7:1, 11:-1, 13:1, 15:-1} fit=7.8e-30 mix=1.0e-29
e7 a=2 b=2: zeros/poles q:N = {0:1, 2:-1, 4:1, 14:-1, 16:1, 18:-1} fit=3.0e-30 mix=1.1e-29
e7 a=2 b=3: zeros/poles q:N = {2:1, 8:1, 10:-1, 16:-1} fit=1.6e-30 mix=5.6e-30
e7 a=2 b=4: zeros/poles q:N = {1:1, 5:1, 13:-1, 17:-1} fit=7.1e-30 mix=1.2e-30
e7 a=2 b=5: zeros/poles q:N = {2:1, 6:1, 8:-1, 10:1, 12:-1, 16:-1} fit=1.8e-30 mix=1.2e-30
e7 a=2 b=6: zeros/poles q:N = {3:1, 15:-1} fit=4.0e-30 mix=1.0e-29
e7 a=2 b=7: zeros/poles q:N = {4:1, 6:-1, 8:1, 10:-1, 12:1, 14:-1} fit=3.1e-30 mix=2.1e-30
e7 a=3 b=1: zeros/poles q:N = {1:1, 3:-1, 5:1, 13:-1, 15:1, 17:-1} fit=1.1e-29 mix=2.1e-29
e7 a=3 b=2: zeros/poles q:N = {2:1, 8:1, 10:-1, 16:-1} fit=6.1e-30 mix=3.7e-30
e7 a=3 b=3: zeros/poles q:N = {0:1, 6:1, 12:-1, 18:-1} fit=8.4e-30 mix=4.1e-29
e7 a=3 b=4: zeros/poles q:N = {1:1, 3:1, 7:1, 11:-1, 15:-1, 17:-1} fit=1.2e-29 mix=1.3e-29
e7 a=3 b=5: zeros/poles q:N = {2:1, 4:1, 14:-1, 16:-1} fit=3.3e-30 mix=3.2e-30
e7 a=3 b=6: zeros/poles q:N = {3:1, 5:1, 7:-1, 11:1, 13:-1, 15:-1} fit=2.0e-30 mix=1.0e-29
e7 a=3 b=7: zeros/poles q:N = {4:1, 8:-1, 10:1, 14:-1} fit=2.5e-30 mix=3.7e-30
e7 a=4 b=1: zeros/poles q:N = {2:1, 8:1, 10:-1, 16:-1} fit=4.1e-25 mix=1.2e-24
e7 a=4 b=2: zeros/poles q:N = {1:1, 5:1, 13:-1, 17:-1} fit=7.1e-28 mix=8.3e-26
e7 a=4 b=3: zeros/poles q:N = {1:1, 3:1, 7:1, 11:-1, 15:-1, 17:-1} fit=5.7e-25 mix=2.4e-24
e7 a=4 b=4: zeros/poles q:N = {0:1, 2:1, 4:1, 6:1, 12:-1, 14:-1, 16:-1, 18:-1} fit=1.3e-23 mix=7.1e-24
e7 a=4 b=5: zeros/poles q:N = {1:1, 3:1, 5:1, 13:-1, 15:-1, 17:-1} fit=4.7e-27 mix=1.7e-25
e7 a=4 b=6: zeros/poles q:N = {2:1, 4:1, 14:-1, 16:-1} fit=2.8e-26 mix=3.2e-25
e7 a=4 b=7: zeros/poles q:N = {3:1, 15:-1} fit=4.9e-28 mix=8.3e-27
e7 a=5 b=1: zeros/poles q:N = {3:1, 15:-1} fit=1.1e-28 mix=1.9e-28
e7 a=5 b=2: zeros/poles q:N = {2:1, 6:1, 8:-1, 10:1, 12:-1, 16:-1} fit=1.4e-29 mix=1.8e-29
e7 a=5 b=3: zeros/poles q:N = {2:1, 4:1, 14:-1, 16:-1} fit=4.7e-29 mix=2.0e-28
e7 a=5 b=4: zeros/poles q:N = {1:1, 3:1, 5:1, 13:-1, 15:-1, 17:-1} fit=3.3e-29 mix=6.5e-29
e7 a=5 b=5: zeros/poles q:N = {0:1, 4:1, 8:1, 10:-1, 14:-1, 18:-1} fit=3.1e-29 mix=2.2e-29
e7 a=5 b=6: zeros/poles q:N = {1:1, 7:1, 11:-1, 17:-1} fit=5.0e-30 mix=5.4e-29
e7 a=5 b=7: zeros/poles q:N = {2:1, 4:-1, 6:1, 12:-1, 14:1, 16:-1} fit=3.1e-29 mix=1.1e-28
e7 a=6 b=1: zeros/poles q:N = {4:1, 8:-1, 10:1, 14:-1} fit=3.3e-30 mix=1.7e-29
e7 a=6 b=2: zeros/poles q:N = {3:1, 15:-1} fit=6.0e-31 mix=6.7e-31
e7 a=6 b=3: zeros/poles q:N = {3:1, 5:1, 7:-1, 11:1, 13:-1, 15:-1} fit=2.4e-30 mix=4.8e-30
e7 a=6 b=4: zeros/poles q:N = {2:1, 4:1, 14:-1, 16:-1} fit=7.5e-30 mix=1.6e-30
e7 a=6 b=5: zeros/poles q:N = {1:1, 7:1, 11:-1, 17:-1} fit=2.0e-30 mix=1.4e-30
e7 a=6 b=6: zeros/poles q:N = {0:1, 4:-1, 6:1, 8:1, 10:-1, 12:-1, 14:1, 18:-1} fit=2.4e-30 mix=3.2e-30
e7 a=6 b=7: zeros/poles q:N = {1:1, 3:-1, 7:1, 11:-1, 15:1, 17:-1} fit=5.1e-30 mix=1.8e-30
e7 a=7 b=1: zeros/poles q:N = {5:1, 7:-1, 11:1, 13:-1} fit=3.6e-30 mix=5.7e-30
e7 a=7 b=2: zeros/poles q:N = {4:1, 6:-1, 8:1, 10:-1, 12:1, 14:-1} fit=2.7e-30 mix=7.6e-30
e7 a=7 b=3: zeros/poles q:N = {4:1, 8:-1, 10:1, 14:-1} fit=2.2e-30 mix=4.0e-30
e7 a=7 b=4: zeros/poles q:N = {3:1, 15:-1} fit=2.2e-30 mix=9.9e-31
e7 a=7 b=5: zeros/poles q:N = {2:1, 4:-1, 6:1, 12:-1, 14:1, 16:-1} fit=7.5e-30 mix=1.0e-30
e7 a=7 b=6: zeros/poles q:N = {1:1, 3:-1, 7:1, 11:-1, 15:1, 17:-1} fit=2.9e-30 mix=3.8e-30
e7 a=7 b=7: zeros/poles q:N = {0:1, 2:-1, 8:1, 10:-1, 16:1, 18:-1} fit=6.1e-30 mix=6.8e-30
e7 WORST {'dropped': 5.040501564418249e-27, 'resid': 3.333178043568501e-25, 'eig': 7.513739174092846e-24, 'mix': 7.143529046507695e-24, 'fit': 1.2813700055499782e-23}
time 140.95241117477417
