e8 a=1 b=1: zeros/poles q:N = {0:1, 2:-1, 6:1, 8:-1, 10:1, 14:-1, 16:1, 20:-1, 22:1, 24:-1, 28:1, 30:-1} fit=1.1e-49 mix=1.7e-49
e8 a=1 b=2: zeros/poles q:N = {3:1, 5:-1, 7:1, 23:-1, 25:1, 27:-1} fit=2.2e-50 mix=7.0e-50
e8 a=1 b=3: zeros/poles q:N = {1:1, 3:-1, 5:1, 11:1, 13:-1, 17:1, 19:-1, 25:-1, 27:1, 29:-1} fit=1.6e-48 mix=2.3e-48
e8 a=1 b=4: zeros/poles q:N = {2:1, 8:1, 22:-1, 28:-1} fit=4.9e-50 mix=2.4e-50
e8 a=1 b=5: zeros/poles q:N = {3:1, 9:1, 11:-1, 13:1, 17:-1, 19:1, 21:-1, 27:-1} fit=9.8e-50 mix=8.8e-50
e8 a=1 b=6: zeros/poles q:N = {4:1, 14:1, 16:-1, 26:-1} fit=9.6e-50 mix=9.9e-50
e8 a=1 b=7: zeros/poles q:N = {5:1, 9:-1, 11:1, 19:-1, 21:1, 25:-1} fit=1.0e-49 mix=1.1e-49
e8 a=1 b=8: zeros/poles q:N = {6:1, 8:-1, 12:1, 14:-1, 16:1, 18:-1, 22:1, 24:-1} fit=9.8e-50 mix=1.8e-49
e8 a=2 b=1: zeros/poles q:N = {3:1, 5:-1, 7:1, 23:-1, 25:1, 27:-1} fit=9.4e-49 mix=1.7e-47
e8 a=2 b=2: zeros/poles q:N = {0:1, 2:-1, 4:1, 10:1, 12:-1, 14:1, 16:-1, 18:1, 20:-1, 26:-1, 28:1, 30:-1} fit=5.5e-49 mix=4.3e-48
e8 a=2 b=3: zeros/poles q:N = {2:1, 8:1, 22:-1, 28:-1} fit=7.2e-49 mix=1.3e-48
e8 a=2 b=4: zeros/poles q:N = {1:1, 5:1, 9:1, 21:-1, 25:-1, 29:-1} fit=2.1e-47 mix=1.5e-47
e8 a=2 b=5: zeros/poles q:N = {2:1, 6:1, 12:1, 14:-1, 16:1, 18:-1, 24:-1, 28:-1} fit=1.6e-48 mix=7.7e-48
e8 a=2 b=6: zeros/poles q:N = {3:1, 7:1, 9:-1, 11:1, 19:-1, 21:1, 23:-1, 27:-1} fit=1.0e-48 mix=6.2e-48
e8 a=2 b=7: zeros/poles q:N = {4:1, 14:1, 16:-1, 26:-1} fit=4.6e-48 mix=2.0e-47
e8 a=2 b=8: zeros/poles q:N = {5:1, 7:-1, 9:1, 11:-1, 13:1, 17:-1, 19:1, 21:-1, 23:1, 25:-1} fit=1.6e-48 mix=6.8e-48
e8 a=3 b=1: zeros/poles q:N = {1:1, 3:-1, 5:1, 11:1, 13:-1, 17:1, 19:-1, 25:-1, 27:1, 29:-1} fit=1.4e-46 mix=3.5e-45
e8 a=3 b=2: zeros/poles q:N = {2:1, 8:1, 22:-1, 28:-1} fit=2.1e-45 mix=1.6e-44
e8 a=3 b=3: zeros/poles q:N = {0:1, 6:1, 10:1, 14:-1, 16:1, 20:-1, 24:-1, 30:-1} fit=1.1e-45 mix=1.3e-44
e8 a=3 b=4: zeros/poles q:N = {1:1, 3:1, 7:1, 9:1, 21:-1, 23:-1, 27:-1, 29:-1} fit=7.1e-46 mix=1.0e-45
e8 a=3 b=5: zeros/poles q:N = {2:1, 4:1, 8:1, 14:1, 16:-1, 22:-1, 26:-1, 28:-1} fit=1.1e-45 mix=4.2e-45
e8 a=3 b=6: zeros/poles q:N = {3:1, 5:1, 13:1, 17:-1, 25:-1, 27:-1} fit=9.2e-44 mix=5.4e-43
e8 a=3 b=7: zeros/poles q:N = {4:1, 6:1, 8:-1, 12:1, 18:-1, 22:1, 24:-1, 26:-1} fit=2.4e-45 mix=6.7e-45
e8 a=3 b=8: zeros/poles q:N = {5:1, 9:-1, 11:1, 19:-1, 21:1, 25:-1} fit=1.0e-46 mix=2.3e-46
e8 a=4 b=1: zeros/poles q:N = {2:1, 8:1, 22:-1, 28:-1} fit=3.2e-34 mix=5.7e-33
e8 a=4 b=2: zeros/poles q:N = {1:1, 5:1, 9:1, 21:-1, 25:-1, 29:-1} fit=1.8e-33 mix=1.8e-32
e8 a=4 b=3: zeros/poles q:N = {1:1, 3:1, 7:1, 9:1, 21:-1, 23:-1, 27:-1, 29:-1} fit=4.5e-33 mix=5.3e-32
e8 a=4 b=4: zeros/poles q:N = {0:1, 2:1, 4:1, 6:1, 8:1, 10:1, 20:-1, 22:-1, 24:-1, 26:-1, 28:-1, 30:-1} fit=5.2e-30 mix=3.6e-30
e8 a=4 b=5: zeros/poles q:N = {1:1, 3:1, 5:1, 7:1, 11:1, 19:-1, 23:-1, 25:-1, 27:-1, 29:-1} fit=1.1e-31 mix=4.2e-31
e8 a=4 b=6: zeros/poles q:N = {2:1, 4:1, 6:1, 12:1, 18:-1, 24:-1, 26:-1, 28:-1} fit=1.5e-32 mix=8.7e-32
e8 a=4 b=7: zeros/poles q:N = {3:1, 5:1, 13:1, 17:-1, 25:-1, 27:-1} fit=3.0e-33 mix=1.1e-32
e8 a=4 b=8: zeros/poles q:N = {4:1, 14:1, 16:-1, 26:-1} fit=3.1e-34 mix=1.3e-33
e8 a=5 b=1: zeros/poles q:N = {3:1, 9:1, 11:-1, 13:1, 17:-1, 19:1, 21:-1, 27:-1} fit=1.6e-43 mix=1.8e-42
e8 a=5 b=2: zeros/poles q:N = {2:1, 6:1, 12:1, 14:-1, 16:1, 18:-1, 24:-1, 28:-1} fit=8.5e-43 mix=3.0e-41
e8 a=5 b=3: zeros/poles q:N = {2:1, 4:1, 8:1, 14:1, 16:-1, 22:-1, 26:-1, 28:-1} fit=3.5e-42 mix=3.6e-41
e8 a=5 b=4: zeros/poles q:N = {1:1, 3:1, 5:1, 7:1, 11:1, 19:-1, 23:-1, 25:-1, 27:-1, 29:-1} fit=1.9e-40 mix=1.3e-40
e8 a=5 b=5: zeros/poles q:N = {0:1, 4:1, 6:1, 10:1, 20:-1, 24:-1, 26:-1, 30:-1} fit=1.1e-41 mix=3.1e-41
e8 a=5 b=6: zeros/poles q:N = {1:1, 5:1, 9:1, 21:-1, 25:-1, 29:-1} fit=5.5e-41 mix=3.1e-40
e8 a=5 b=7: zeros/poles q:N = {2:1, 8:1, 22:-1, 28:-1} fit=1.9e-42 mix=6.8e-42
e8 a=5 b=8: zeros/poles q:N = {3:1, 5:-1, 7:1, 23:-1, 25:1, 27:-1} fit=1.8e-43 mix=7.3e-43
e8 a=6 b=1: zeros/poles q:N = {4:1, 14:1, 16:-1, 26:-1} fit=2.2e-47 mix=2.3e-46
e8 a=6 b=2: zeros/poles q:N = {3:1, 7:1, 9:-1, 11:1, 19:-1, 21:1, 23:-1, 27:-1} fit=7.0e-47 mix=7.1e-46
e8 a=6 b=3: zeros/poles q:N = {3:1, 5:1, 13:1, 17:-1, 25:-1, 27:-1} fit=8.1e-48 mix=9.7e-47
e8 a=6 b=4: zeros/poles q:N = {2:1, 4:1, 6:1, 12:1, 18:-1, 24:-1, 26:-1, 28:-1} fit=3.1e-46 mix=1.8e-46
e8 a=6 b=5: zeros/poles q:N = {1:1, 5:1, 9:1, 21:-1, 25:-1, 29:-1} fit=6.3e-47 mix=1.4e-46
e8 a=6 b=6: zeros/poles q:N = {0:1, 8:1, 10:1, 12:-1, 18:1, 20:-1, 22:-1, 30:-1} fit=1.4e-46 mix=8.4e-46
e8 a=6 b=7: zeros/poles q:N = {1:1, 5:-1, 7:1, 9:1, 13:-1, 17:1, 21:-1, 23:-1, 25:1, 29:-1} fit=4.2e-47 mix=1.7e-46
e8 a=6 b=8: zeros/poles q:N = {2:1, 4:-1, 8:1, 14:-1, 16:1, 22:-1, 26:1, 28:-1} fit=1.6e-47 mix=4.3e-47
e8 a=7 b=1: zeros/poles q:N = {5:1, 9:-1, 11:1, 19:-1, 21:1, 25:-1} fit=2.5e-49 mix=6.9e-48
e8 a=7 b=2: zeros/poles q:N = {4:1, 14:1, 16:-1, 26:-1} fit=1.5e-49 mix=2.0e-48
e8 a=7 b=3: zeros/poles q:N = {4:1, 6:1, 8:-1, 12:1, 18:-1, 22:1, 24:-1, 26:-1} fit=7.6e-50 mix=1.8e-49
e8 a=7 b=4: zeros/poles q:N = {3:1, 5:1, 13:1, 17:-1, 25:-1, 27:-1} fit=4.0e-49 mix=8.0e-50
e8 a=7 b=5: zeros/poles q:N = {2:1, 8:1, 22:-1, 28:-1} fit=9.8e-50 mix=1.9e-49
e8 a=7 b=6: zeros/poles q:N = {1:1, 5:-1, 7:1, 9:1, 13:-1, 17:1, 21:-1, 23:-1, 25:1, 29:-1} fit=1.6e-49 mix=4.6e-49
e8 a=7 b=7: zeros/poles q:N = {0:1, 4:-1, 8:1, 10:1, 12:-1, 14:-1, 16:1, 18:1, 20:-1, 22:-1, 26:1, 30:-1} fit=1.9e-49 mix=5.9e-49
e8 a=7 b=8: zeros/poles q:N = {1:1, 3:-1, 9:1, 13:-1, 17:1, 21:-1, 27:1, 29:-1} fit=3.9e-49 mix=1.1e-48
e8 a=8 b=1: zeros/poles q:N = {6:1, 8:-1, 12:1, 14:-1, 16:1, 18:-1, 22:1, 24:-1} fit=1.6e-49 mix=5.9e-49
e8 a=8 b=2: zeros/poles q:N = {5:1, 7:-1, 9:1, 11:-1, 13:1, 17:-1, 19:1, 21:-1, 23:1, 25:-1} fit=1.9e-49 mix=6.6e-49
e8 a=8 b=3: zeros/poles q:N = {5:1, 9:-1, 11:1, 19:-1, 21:1, 25:-1} fit=1.3e-49 mix=1.3e-49
e8 a=8 b=4: zeros/poles q:N = {4:1, 14:1, 16:-1, 26:-1} fit=2.8e-49 mix=9.5e-50
e8 a=8 b=5: zeros/poles q:N = {3:1, 5:-1, 7:1, 23:-1, 25:1, 27:-1} fit=4.7e-49 mix=1.7e-49
e8 a=8 b=6: zeros/poles q:N = {2:1, 4:-1, 8:1, 14:-1, 16:1, 22:-1, 26:1, 28:-1} fit=3.8e-49 mix=5.0e-49
e8 a=8 b=7: zeros/poles q:N = {1:1, 3:-1, 9:1, 13:-1, 17:1, 21:-1, 27:1, 29:-1} fit=9.3e-49 mix=1.5e-48
e8 a=8 b=8: zeros/poles q:N = {0:1, 2:-1, 10:1, 12:-1, 18:1, 20:-1, 28:1, 30:-1} fit=1.6e-48 mix=1.5e-48
e8 WORST {'dropped': 9.97967849136624e-38, 'resid': 7.446944477037654e-36, 'eig': 3.371480801068035e-30, 'mix': 3.5694893888147844e-30, 'fit': 5.211399715577993e-30}
time 1614.0731627941132
