d7 a=1 b=1: zeros/poles q:N = {0:1, 2:-1, 10:1, 12:-1} fit=1.1e-30 mix=1.0e-30
d7 a=1 b=2: zeros/poles q:N = {1:1, 3:-1, 9:1, 11:-1} fit=1.6e-30 mix=9.6e-31
d7 a=1 b=3: zeros/poles q:N = {2:1, 4:-1, 8:1, 10:-1} fit=1.3e-30 mix=1.2e-30
d7 a=1 b=4: zeros/poles q:N = {3:1, 5:-1, 7:1, 9:-1} fit=2.3e-30 mix=6.4e-31
d7 a=1 b=5: zeros/poles q:N = {4:1, 8:-1} fit=2.5e-30 mix=6.0e-31
d7 a=1 b=6: zeros/poles q:N = {5:1, 7:-1} fit=2.0e-30 mix=2.5e-31
d7 a=1 b=7: zeros/poles q:N = {5:1, 7:-1} fit=2.0e-30 mix=2.5e-31
d7 a=2 b=1: zeros/poles q:N = {1:1, 3:-1, 9:1, 11:-1} fit=9.1e-31 mix=2.3e-30
d7 a=2 b=2: zeros/poles q:N = {0:1, 4:-1, 8:1, 12:-1} fit=1.4e-30 mix=1.2e-30
d7 a=2 b=3: zeros/poles q:N = {1:1, 5:-1, 7:1, 11:-1} fit=1.7e-30 mix=4.9e-31
d7 a=2 b=4: zeros/poles q:N = {2:1, 10:-1} fit=1.1e-30 mix=6.9e-31
d7 a=2 b=5: zeros/poles q:N = {3:1, 5:1, 7:-1, 9:-1} fit=1.3e-30 mix=9.7e-31
d7 a=2 b=6: zeros/poles q:N = {4:1, 8:-1} fit=8.5e-31 mix=6.6e-32
d7 a=2 b=7: zeros/poles q:N = {4:1, 8:-1} fit=8.5e-31 mix=6.6e-32
d7 a=3 b=1: zeros/poles q:N = {2:1, 4:-1, 8:1, 10:-1} fit=1.4e-30 mix=1.4e-30
d7 a=3 b=2: zeros/poles q:N = {1:1, 5:-1, 7:1, 11:-1} fit=1.0e-30 mix=4.0e-31
d7 a=3 b=3: zeros/poles q:N = {0:1, 12:-1} fit=3.2e-31 mix=1.6e-31
d7 a=3 b=4: zeros/poles q:N = {1:1, 5:1, 7:-1, 11:-1} fit=1.4e-30 mix=3.4e-31
d7 a=3 b=5: zeros/poles q:N = {2:1, 4:1, 8:-1, 10:-1} fit=1.3e-30 mix=3.1e-31
d7 a=3 b=6: zeros/poles q:N = {3:1, 9:-1} fit=7.9e-31 mix=2.6e-32
d7 a=3 b=7: zeros/poles q:N = {3:1, 9:-1} fit=7.9e-31 mix=2.6e-32
d7 a=4 b=1: zeros/poles q:N = {3:1, 5:-1, 7:1, 9:-1} fit=2.0e-30 mix=1.1e-30
d7 a=4 b=2: zeros/poles q:N = {2:1, 10:-1} fit=7.9e-31 mix=3.2e-31
d7 a=4 b=3: zeros/poles q:N = {1:1, 5:1, 7:-1, 11:-1} fit=2.0e-30 mix=4.7e-31
d7 a=4 b=4: zeros/poles q:N = {0:1, 4:1, 8:-1, 12:-1} fit=3.1e-30 mix=9.4e-31
d7 a=4 b=5: zeros/poles q:N = {1:1, 3:1, 9:-1, 11:-1} fit=1.7e-30 mix=1.0e-30
d7 a=4 b=6: zeros/poles q:N = {2:1, 10:-1} fit=6.0e-31 mix=7.6e-32
d7 a=4 b=7: zeros/poles q:N = {2:1, 10:-1} fit=6.0e-31 mix=7.6e-32
d7 a=5 b=1: zeros/poles q:N = {4:1, 8:-1} fit=6.9e-30 mix=1.1e-29
d7 a=5 b=2: zeros/poles q:N = {3:1, 5:1, 7:-1, 9:-1} fit=8.6e-30 mix=4.1e-30
d7 a=5 b=3: zeros/poles q:N = {2:1, 4:1, 8:-1, 10:-1} fit=1.3e-30 mix=9.6e-31
d7 a=5 b=4: zeros/poles q:N = {1:1, 3:1, 9:-1, 11:-1} fit=6.6e-30 mix=2.3e-30
d7 a=5 b=5: zeros/poles q:N = {0:1, 2:1, 10:-1, 12:-1} fit=7.1e-30 mix=3.1e-30
d7 a=5 b=6: zeros/poles q:N = {1:1, 11:-1} fit=4.2e-31 mix=1.6e-31
d7 a=5 b=7: zeros/poles q:N = {1:1, 11:-1} fit=4.2e-31 mix=1.6e-31
d7 a=6 b=1: zeros/poles q:N = {5:1, 7:-1} fit=1.0e-30 mix=1.3e-30
d7 a=6 b=2: zeros/poles q:N = {4:1, 8:-1} fit=2.4e-30 mix=3.3e-30
d7 a=6 b=3: zeros/poles q:N = {3:1, 9:-1} fit=1.0e-30 mix=1.3e-30
d7 a=6 b=4: zeros/poles q:N = {2:1, 10:-1} fit=6.9e-31 mix=2.8e-31
d7 a=6 b=5: zeros/poles q:N = {1:1, 11:-1} fit=7.3e-31 mix=4.6e-31
d7 a=6 b=6: zeros/poles q:N = {0:1, 2:-1, 4:1, 6:-1, 8:1, 10:-1} fit=1.0e-30 mix=6.1e-32
d7 a=6 b=7: zeros/poles q:N = {2:1, 4:-1, 6:1, 8:-1, 10:1, 12:-1} fit=8.7e-31 mix=3.3e-32
d7 a=7 b=1: zeros/poles q:N = {5:1, 7:-1} fit=1.0e-30 mix=1.3e-30
d7 a=7 b=2: zeros/poles q:N = {4:1, 8:-1} fit=2.4e-30 mix=3.3e-30
d7 a=7 b=3: zeros/poles q:N = {3:1, 9:-1} fit=1.0e-30 mix=1.3e-30
d7 a=7 b=4: zeros/poles q:N = {2:1, 10:-1} fit=6.9e-31 mix=2.8e-31
d7 a=7 b=5: zeros/poles q:N = {1:1, 11:-1} fit=7.3e-31 mix=4.6e-31
d7 a=7 b=6: zeros/poles q:N = {2:1, 4:-1, 6:1, 8:-1, 10:1, 12:-1} fit=8.7e-31 mix=3.3e-32
d7 a=7 b=7: zeros/poles q:N = {0:1, 2:-1, 4:1, 6:-1, 8:1, 10:-1} fit=1.0e-30 mix=6.1e-32
d7 WORST {'dropped': 1.1742913793879953e-30, 'resid': 1.7888711861461846e-29, 'eig': 1.5681648426947943e-28, 'mix': 1.1393153913548157e-29, 'fit': 8.608953444855331e-30}
time 65.44669961929321
