### e6 soliton 1: mu=1.1260 xi=0.0000+4.7037j min|tau|=0.262 channels m^2={1: 1.2679, 2: 2.5359, 3: 4.7321, 4: 9.4641, 5: 4.7321, 6: 1.2679}
  W at lam=0.300+0.700j: x-variation 1.0e-15; |W - diag(-2 kappa X u^T u)|/|W| = 5.4e-16; Hirota X vs closed form 6.5e-16
  W at lam=0.634-0.400j: x-variation 8.3e-16; |W - diag(-2 kappa X u^T u)|/|W| = 1.7e-16; Hirota X vs closed form 6.7e-16
  W at lam=10.411+0.900j: x-variation 5.8e-16; |W - diag(-2 kappa X u^T u)|/|W| = 1.8e-16; Hirota X vs closed form 4.5e-16
  det ratio at lam=(0.3+0.7j): raw/prodX=1.186581+0.000019j  corrected/prodX=0.99993956+0.00001578j  (prod X=-0.00015-0.00002j)
  det ratio at lam=(-0.5+0.2j): raw/prodX=1.186560+0.000005j  corrected/prodX=0.99992153+0.00000451j  (prod X=0.00015-0.00009j)
  det ratio at lam=(1.7-1.1j): raw/prodX=1.186619-0.000030j  corrected/prodX=0.99997175-0.00002570j  (prod X=0.00053-0.00048j)
  N=384 Lp=24.0: eigenvalues below lowest threshold 1.2679: [(-0-0j), (0.95096+0j)]
  net count prediction: [(0.0, 1), (0.950962, 1)]  cancelled: [(0.316987, [(1, 2, -1), (3, 1, 1)])]
   lam=0.000000: predicted 1, found 1, max dev 7.6e-10
   lam=0.950962: predicted 1, found 1, max dev 1.9e-06
  SPECTRUM OK (135s)
### d5 soliton 4: mu=1.4142 xi=0.0000+0.7854j min|tau|=0.383 channels m^2={1: 1.1716, 2: 4.0, 3: 6.8284, 4: 2.0, 5: 2.0}
  W at lam=0.300+0.700j: x-variation 8.6e-16; |W - diag(-2 kappa X u^T u)|/|W| = 8.3e-16; Hirota X vs closed form 4.4e-16
  W at lam=0.586-0.400j: x-variation 2.1e-15; |W - diag(-2 kappa X u^T u)|/|W| = 4.2e-16; Hirota X vs closed form 5.5e-16
  W at lam=7.511+0.900j: x-variation 4.0e-16; |W - diag(-2 kappa X u^T u)|/|W| = 6.1e-16; Hirota X vs closed form 4.6e-16
  det ratio at lam=(0.3+0.7j): raw/prodX=1.154024+0.000015j  corrected/prodX=0.99996527+0.00001322j  (prod X=-0.00031-0.00001j)
  det ratio at lam=(-0.5+0.2j): raw/prodX=1.154007+0.000004j  corrected/prodX=0.99995016+0.00000378j  (prod X=0.00031-0.00019j)
  det ratio at lam=(1.7-1.1j): raw/prodX=1.154054-0.000025j  corrected/prodX=0.99999137-0.00002204j  (prod X=0.00164-0.00097j)
  N=384 Lp=24.0: eigenvalues below lowest threshold 1.1716: [(-0-0j), (0.99997-0j), (0.99997-0j)]
  net count prediction: [(0.0, 1), (1.0, 2)]  cancelled: []
   lam=0.000000: predicted 1, found 1, max dev 4.6e-12
   lam=1.000000: predicted 2, found 2, max dev 3.3e-05
  SPECTRUM OK (86s)
### c3(1)<a5 soliton 2: mu=1.7321 xi=0.0000+4.5379j min|tau|=0.587 channels m^2={1: 1.0, 2: 3.0, 3: 4.0}
  W at lam=0.300+0.700j: x-variation 1.4e-15; |W - diag(-2 kappa X u^T u)|/|W| = 5.6e-16; Hirota X vs closed form 1.1e-15
  W at lam=0.500-0.400j: x-variation 1.8e-15; |W - diag(-2 kappa X u^T u)|/|W| = 5.2e-16; Hirota X vs closed form 1.4e-15
  W at lam=4.400+0.900j: x-variation 6.1e-16; |W - diag(-2 kappa X u^T u)|/|W| = 4.4e-16; Hirota X vs closed form 3.5e-16
  det ratio at lam=(0.3+0.7j): raw/prodX=1.191799+0.000019j  corrected/prodX=0.99997013+0.00001621j  (prod X=-0.00000+0.00002j)
  det ratio at lam=(-0.5+0.2j): raw/prodX=1.191777+0.000006j  corrected/prodX=0.99995163+0.00000463j  (prod X=0.00002-0.00002j)
  det ratio at lam=(1.7-1.1j): raw/prodX=1.191832-0.000025j  corrected/prodX=0.99999809-0.00002117j  (prod X=-0.00011+0.00051j)
  N=384 Lp=24.0: eigenvalues below lowest threshold 1.0000: [(-0+0j), (0.25-0j)]
  net count prediction: [(0.0, 1), (0.25, 1)]  cancelled: []
   lam=0.000000: predicted 1, found 1, max dev 1.3e-13
   lam=0.250000: predicted 1, found 1, max dev 5.6e-09
  SPECTRUM OK (23s)
