
##### a_3^(2) from d_4^(1)  (beta_parent^2 = 1.0 beta^2)
  folded channel masses^2 (thresholds): [2. 6.]
  soliton [1]: M_cl = 16.970563/beta^2, ratio to lightest 1.000000, dM = -0.69619217, dM/M_cl = -0.04102352 beta^2 (single count: -0.04102352)
  soliton [3]: M_cl = 29.393877/beta^2, ratio to lightest 1.732051, dM = -0.97013795, dM/M_cl = -0.03300476 beta^2 (single count: -0.03300476)
  [same theory continued, beta_r^2 = -beta^2] particle dlog(m_a/m_1) per beta^2: [-0.          0.00801875]
      soliton  dlog(M_a/M_1) counting rule : [0.         0.00801875]  -> max dev 1.0e-17
      soliton  dlog(M_a/M_1) single count  : [0.         0.00801875]  -> max dev 1.0e-17
      M_a^qu/m_a^qu - classical, per beta^2 (should be a-independent): [-0.05305165 -0.05305165]

##### a_5^(2) from d_6^(1)  (beta_parent^2 = 1.0 beta^2)
  folded channel masses^2 (thresholds): [2.       2.763932 7.236068]
  soliton [1]: M_cl = 28.284271/beta^2, ratio to lightest 1.000000, dM = -0.86384998, dM/M_cl = -0.03054171 beta^2 (single count: -0.03054171)
  soliton [3]: M_cl = 33.250155/beta^2, ratio to lightest 1.175571, dM = -0.78669200, dM/M_cl = -0.02365980 beta^2 (single count: -0.02365980)
  soliton [5]: M_cl = 53.799881/beta^2, ratio to lightest 1.902113, dM = -1.46833389, dM/M_cl = -0.02729251 beta^2 (single count: -0.02729251)
  [same theory continued, beta_r^2 = -beta^2] particle dlog(m_a/m_1) per beta^2: [-0.          0.00688191  0.0032492 ]
      soliton  dlog(M_a/M_1) counting rule : [0.         0.00688191 0.0032492 ]  -> max dev 1.0e-17
      soliton  dlog(M_a/M_1) single count  : [0.         0.00688191 0.0032492 ]  -> max dev 1.0e-17
      M_a^qu/m_a^qu - classical, per beta^2 (should be a-independent): [-0.04774648 -0.04774648 -0.04774648]

##### a_7^(2) from d_8^(1)  (beta_parent^2 = 1.0 beta^2)
  folded channel masses^2 (thresholds): [1.506041 2.       4.890084 7.603875]
  soliton [1]: M_cl = 34.361839/beta^2, ratio to lightest 1.000000, dM = -0.74342604, dM/M_cl = -0.02163522 beta^2 (single count: -0.02163522)
  soliton [3]: M_cl = 39.597980/beta^2, ratio to lightest 1.152382, dM = -1.06647145, dM/M_cl = -0.02693247 beta^2 (single count: -0.02693247)
  soliton [5]: M_cl = 61.917894/beta^2, ratio to lightest 1.801938, dM = -1.41567399, dM/M_cl = -0.02286373 beta^2 (single count: -0.02286373)
  soliton [7]: M_cl = 77.210351/beta^2, ratio to lightest 2.246980, dM = -1.94459752, dM/M_cl = -0.02518571 beta^2 (single count: -0.02518571)
  [same theory continued, beta_r^2 = -beta^2] particle dlog(m_a/m_1) per beta^2: [-0.         -0.00529725 -0.00122851 -0.00355049]
      soliton  dlog(M_a/M_1) counting rule : [ 0.         -0.00529725 -0.00122851 -0.00355049]  -> max dev 3.8e-17
      soliton  dlog(M_a/M_1) single count  : [ 0.         -0.00529725 -0.00122851 -0.00355049]  -> max dev 3.8e-17
      M_a^qu/m_a^qu - classical, per beta^2 (should be a-independent): [-0.04547284 -0.04547284 -0.04547284 -0.04547284]

##### d_4^(2) from d_5^(1)  (beta_parent^2 = 1.0 beta^2)
  folded channel masses^2 (thresholds): [1.171573 4.       6.828427]
  soliton [0]: M_cl = 17.318275/beta^2, ratio to lightest 1.000000, dM = -0.70696767, dM/M_cl = -0.04082206 beta^2 (single count: -0.04082206)
  soliton [3]: M_cl = 32.000000/beta^2, ratio to lightest 1.847759, dM = -1.20275254, dM/M_cl = -0.03758602 beta^2 (single count: -0.03758602)
  soliton [4]: M_cl = 41.810015/beta^2, ratio to lightest 2.414214, dM = -1.32408751, dM/M_cl = -0.03166915 beta^2 (single count: -0.03166915)
  [same theory continued, beta_r^2 = -beta^2] particle dlog(m_a/m_1) per beta^2: [-0.          0.00323604  0.00915291]
      soliton  dlog(M_a/M_1) counting rule : [0.         0.00323604 0.00915291]  -> max dev 2.8e-17
      soliton  dlog(M_a/M_1) single count  : [0.         0.00323604 0.00915291]  -> max dev 2.8e-17
      M_a^qu/m_a^qu - classical, per beta^2 (should be a-independent): [-0.0596831 -0.0596831 -0.0596831]

##### d_5^(2) from d_6^(1)  (beta_parent^2 = 1.0 beta^2)
  folded channel masses^2 (thresholds): [0.763932 2.763932 5.236068 7.236068]
  soliton [0]: M_cl = 17.480641/beta^2, ratio to lightest 1.000000, dM = -0.70935306, dM/M_cl = -0.04057935 beta^2 (single count: -0.04057935)
  soliton [3]: M_cl = 33.250155/beta^2, ratio to lightest 1.902113, dM = -1.29525155, dM/M_cl = -0.03895475 beta^2 (single count: -0.03895475)
  soliton [4]: M_cl = 45.764912/beta^2, ratio to lightest 2.618034, dM = -1.65161316, dM/M_cl = -0.03608907 beta^2 (single count: -0.03608907)
  soliton [5]: M_cl = 53.799881/beta^2, ratio to lightest 3.077684, dM = -1.70488202, dM/M_cl = -0.03168933 beta^2 (single count: -0.03168933)
  [same theory continued, beta_r^2 = -beta^2] particle dlog(m_a/m_1) per beta^2: [-0.          0.0016246   0.00449028  0.00889002]
      soliton  dlog(M_a/M_1) counting rule : [0.         0.0016246  0.00449028 0.00889002]  -> max dev 3.1e-17
      soliton  dlog(M_a/M_1) single count  : [0.         0.0016246  0.00449028 0.00889002]  -> max dev 3.1e-17
      M_a^qu/m_a^qu - classical, per beta^2 (should be a-independent): [-0.06366198 -0.06366198 -0.06366198 -0.06366198]

##### d_6^(2) from d_7^(1)  (beta_parent^2 = 1.0 beta^2)
  folded channel masses^2 (thresholds): [0.535898 2.       4.       6.       7.464102]
  soliton [0]: M_cl = 17.569219/beta^2, ratio to lightest 1.000000, dM = -0.70975324, dM/M_cl = -0.04039754 beta^2 (single count: -0.04039754)
  soliton [3]: M_cl = 33.941125/beta^2, ratio to lightest 1.931852, dM = -1.33955986, dM/M_cl = -0.03946716 beta^2 (single count: -0.03946716)
  soliton [4]: M_cl = 48.000000/beta^2, ratio to lightest 2.732051, dM = -1.81707346, dM/M_cl = -0.03785570 beta^2 (single count: -0.03785570)
  soliton [5]: M_cl = 58.787754/beta^2, ratio to lightest 3.346065, dM = -2.08448348, dM/M_cl = -0.03545778 beta^2 (single count: -0.03545778)
  soliton [6]: M_cl = 65.569219/beta^2, ratio to lightest 3.732051, dM = -2.10417697, dM/M_cl = -0.03209093 beta^2 (single count: -0.03209093)
  [same theory continued, beta_r^2 = -beta^2] particle dlog(m_a/m_1) per beta^2: [-0.          0.00093038  0.00254184  0.00493976  0.00830661]
      soliton  dlog(M_a/M_1) counting rule : [0.         0.00093038 0.00254184 0.00493976 0.00830661]  -> max dev 5.2e-17
      soliton  dlog(M_a/M_1) single count  : [0.         0.00093038 0.00254184 0.00493976 0.00830661]  -> max dev 5.2e-17
      M_a^qu/m_a^qu - classical, per beta^2 (should be a-independent): [-0.06631456 -0.06631456 -0.06631456 -0.06631456 -0.06631456]

##### d_7^(2) from d_8^(1)  (beta_parent^2 = 1.0 beta^2)
  folded channel masses^2 (thresholds): [0.396125 1.506041 3.109916 4.890084 6.493959 7.603875]
  soliton [0]: M_cl = 17.622759/beta^2, ratio to lightest 1.000000, dM = -0.70962241, dM/M_cl = -0.04026738 beta^2 (single count: -0.04026738)
  soliton [1]: M_cl = 34.361839/beta^2, ratio to lightest 1.949856, dM = -1.36365408, dM/M_cl = -0.03968513 beta^2 (single count: -0.03968513)
  soliton [4]: M_cl = 49.377873/beta^2, ratio to lightest 2.801938, dM = -1.91029507, dM/M_cl = -0.03868727 beta^2 (single count: -0.03868727)
  soliton [5]: M_cl = 61.917894/beta^2, ratio to lightest 3.513519, dM = -2.30508665, dM/M_cl = -0.03722812 beta^2 (single count: -0.03722812)
  soliton [6]: M_cl = 71.353094/beta^2, ratio to lightest 4.048917, dM = -2.51399550, dM/M_cl = -0.03523317 beta^2 (single count: -0.03523317)
  soliton [7]: M_cl = 77.210351/beta^2, ratio to lightest 4.381286, dM = -2.51583418, dM/M_cl = -0.03258416 beta^2 (single count: -0.03258416)
  [same theory continued, beta_r^2 = -beta^2] particle dlog(m_a/m_1) per beta^2: [-0.          0.00058225  0.00158012  0.00303927  0.00503422  0.00768323]
      soliton  dlog(M_a/M_1) counting rule : [0.         0.00058225 0.00158012 0.00303927 0.00503422 0.00768323]  -> max dev 6.9e-17
      soliton  dlog(M_a/M_1) single count  : [0.         0.00058225 0.00158012 0.00303927 0.00503422 0.00768323]  -> max dev 6.9e-17
      M_a^qu/m_a^qu - classical, per beta^2 (should be a-independent): [-0.06820926 -0.06820926 -0.06820926 -0.06820926 -0.06820926 -0.06820926]

##### a_2^(2) from d_4^(1) (Z4)  (beta_parent^2 = 1.0 beta^2)
  folded channel masses^2 (thresholds): [6.]
  soliton [3]: M_cl = 29.393877/beta^2, ratio to lightest 1.000000, dM = -0.81599181, dM/M_cl = -0.02776061 beta^2 (single count: -0.02776061)
  [same theory continued, beta_r^2 = -beta^2] particle dlog(m_a/m_1) per beta^2: [-0.]
      soliton  dlog(M_a/M_1) counting rule : [0.]  -> max dev 0.0e+00
      soliton  dlog(M_a/M_1) single count  : [0.]  -> max dev 0.0e+00
      M_a^qu/m_a^qu - classical, per beta^2 (should be a-independent): [-0.03978874]

##### a_4^(2) from d_6^(1) (Z4)  (beta_parent^2 = 1.0 beta^2)
  folded channel masses^2 (thresholds): [2.763932 7.236068]
  soliton [3]: M_cl = 33.250155/beta^2, ratio to lightest 1.000000, dM = -0.75092023, dM/M_cl = -0.02258396 beta^2 (single count: -0.02258396)
  soliton [5]: M_cl = 53.799881/beta^2, ratio to lightest 1.618034, dM = -1.21501445, dM/M_cl = -0.02258396 beta^2 (single count: -0.02258396)
  [same theory continued, beta_r^2 = -beta^2] particle dlog(m_a/m_1) per beta^2: [-0. -0.]
      soliton  dlog(M_a/M_1) counting rule : [0. 0.]  -> max dev 1.0e-17
      soliton  dlog(M_a/M_1) single count  : [0. 0.]  -> max dev 1.0e-17
      M_a^qu/m_a^qu - classical, per beta^2 (should be a-independent): [-0.03978874 -0.03978874]

##### a_6^(2) from d_8^(1) (Z4)  (beta_parent^2 = 1.0 beta^2)
  folded channel masses^2 (thresholds): [1.506041 4.890084 7.603875]
  soliton [1]: M_cl = 34.361839/beta^2, ratio to lightest 1.000000, dM = -0.73013294, dM/M_cl = -0.02124837 beta^2 (single count: -0.02124837)
  soliton [5]: M_cl = 61.917894/beta^2, ratio to lightest 1.801938, dM = -1.31565409, dM/M_cl = -0.02124837 beta^2 (single count: -0.02124837)
  soliton [7]: M_cl = 77.210351/beta^2, ratio to lightest 2.246980, dM = -1.64059382, dM/M_cl = -0.02124837 beta^2 (single count: -0.02124837)
  [same theory continued, beta_r^2 = -beta^2] particle dlog(m_a/m_1) per beta^2: [-0.  0.  0.]
      soliton  dlog(M_a/M_1) counting rule : [ 0.  0. -0.]  -> max dev 3.5e-17
      soliton  dlog(M_a/M_1) single count  : [ 0.  0. -0.]  -> max dev 3.5e-17
      M_a^qu/m_a^qu - classical, per beta^2 (should be a-independent): [-0.03978874 -0.03978874 -0.03978874]

##### d_4^(3) from e_6^(1) (Z3)  (beta_parent^2 = 1.0 beta^2)
  folded channel masses^2 (thresholds): [2.535898 9.464102]
  soliton [2]: M_cl = 38.218810/beta^2, ratio to lightest 1.000000, dM = -0.97684621, dM/M_cl = -0.02555930 beta^2 (single count: -0.02555930)
  soliton [5]: M_cl = 73.833072/beta^2, ratio to lightest 1.931852, dM = -1.68104372, dM/M_cl = -0.02276817 beta^2 (single count: -0.02276817)
  [same theory continued, beta_r^2 = -beta^2] particle dlog(m_a/m_1) per beta^2: [-0.          0.00279114]
      soliton  dlog(M_a/M_1) counting rule : [0.         0.00279114]  -> max dev 2.9e-17
      soliton  dlog(M_a/M_1) single count  : [0.         0.00279114]  -> max dev 2.9e-17
      M_a^qu/m_a^qu - classical, per beta^2 (should be a-independent): [-0.03978874 -0.03978874]

##### e_6^(2) from e_7^(1)  (beta_parent^2 = 1.0 beta^2)
  folded channel masses^2 (thresholds): [ 1.546637  3.630415  6.       12.822948]
  soliton [1]: M_cl = 44.770987/beta^2, ratio to lightest 1.000000, dM = -1.32317977, dM/M_cl = -0.02955440 beta^2 (single count: -0.02955440)
  soliton [3]: M_cl = 68.593132/beta^2, ratio to lightest 1.532089, dM = -1.76076387, dM/M_cl = -0.02566968 beta^2 (single count: -0.02566968)
  soliton [4]: M_cl = 88.181631/beta^2, ratio to lightest 1.969616, dM = -2.53417019, dM/M_cl = -0.02873807 beta^2 (single count: -0.02873807)
  soliton [6]: M_cl = 128.912920/beta^2, ratio to lightest 2.879385, dM = -3.52637800, dM/M_cl = -0.02735473 beta^2 (single count: -0.02735473)
  [same theory continued, beta_r^2 = -beta^2] particle dlog(m_a/m_1) per beta^2: [-0.          0.00388472  0.00081633  0.00219967]
      soliton  dlog(M_a/M_1) counting rule : [0.         0.00388472 0.00081633 0.00219967]  -> max dev 7.6e-17
      soliton  dlog(M_a/M_1) single count  : [0.         0.00388472 0.00081633 0.00219967]  -> max dev 7.6e-17
      M_a^qu/m_a^qu - classical, per beta^2 (should be a-independent): [-0.05305165 -0.05305165 -0.05305165 -0.05305165]

##### a_2^(2) from a_2^(1) (indirect)  (beta_parent^2 = 1.0 beta^2)
  folded channel masses^2 (thresholds): [3.]
  soliton [0, 1]: M_cl = 20.784610/beta^2, ratio to lightest 1.000000, dM = -0.57699334, dM/M_cl = -0.02776061 beta^2 (single count: -0.02776061)
  [same theory continued, beta_r^2 = -beta^2] particle dlog(m_a/m_1) per beta^2: [-0.]
      soliton  dlog(M_a/M_1) counting rule : [0.]  -> max dev 0.0e+00
      soliton  dlog(M_a/M_1) single count  : [0.]  -> max dev 0.0e+00
      M_a^qu/m_a^qu - classical, per beta^2 (should be a-independent): [-0.03978874]

##### a_4^(2) from a_4^(1) (indirect)  (beta_parent^2 = 1.0 beta^2)
  folded channel masses^2 (thresholds): [1.381966 3.618034]
  soliton [0, 1]: M_cl = 23.511410/beta^2, ratio to lightest 1.000000, dM = -0.53098079, dM/M_cl = -0.02258396 beta^2 (single count: -0.02258396)
  soliton [2, 3]: M_cl = 38.042261/beta^2, ratio to lightest 1.618034, dM = -0.85914496, dM/M_cl = -0.02258396 beta^2 (single count: -0.02258396)
  [same theory continued, beta_r^2 = -beta^2] particle dlog(m_a/m_1) per beta^2: [-0. -0.]
      soliton  dlog(M_a/M_1) counting rule : [0. 0.]  -> max dev 3.5e-18
      soliton  dlog(M_a/M_1) single count  : [0. 0.]  -> max dev 3.5e-18
      M_a^qu/m_a^qu - classical, per beta^2 (should be a-independent): [-0.03978874 -0.03978874]

##### a_6^(2) from a_6^(1) (indirect)  (beta_parent^2 = 1.0 beta^2)
  folded channel masses^2 (thresholds): [0.75302  2.445042 3.801938]
  soliton [0, 1]: M_cl = 24.297489/beta^2, ratio to lightest 1.000000, dM = -0.51628195, dM/M_cl = -0.02124837 beta^2 (single count: -0.02124837)
  soliton [2, 3]: M_cl = 43.782563/beta^2, ratio to lightest 1.801938, dM = -0.93030793, dM/M_cl = -0.02124837 beta^2 (single count: -0.02124837)
  soliton [4, 5]: M_cl = 54.595963/beta^2, ratio to lightest 2.246980, dM = -1.16007501, dM/M_cl = -0.02124837 beta^2 (single count: -0.02124837)
  [same theory continued, beta_r^2 = -beta^2] particle dlog(m_a/m_1) per beta^2: [-0. -0.  0.]
      soliton  dlog(M_a/M_1) counting rule : [0. 0. 0.]  -> max dev 1.7e-17
      soliton  dlog(M_a/M_1) single count  : [0. 0. 0.]  -> max dev 1.7e-17
      M_a^qu/m_a^qu - classical, per beta^2 (should be a-independent): [-0.03978874 -0.03978874 -0.03978874]

##### a_8^(2) from a_8^(1) (indirect)  (beta_parent^2 = 1.0 beta^2)
  folded channel masses^2 (thresholds): [0.467911 1.652704 3.       3.879385]
  soliton [0, 1]: M_cl = 24.625450/beta^2, ratio to lightest 1.000000, dM = -0.50996923, dM/M_cl = -0.02070903 beta^2 (single count: -0.02070903)
  soliton [2, 3]: M_cl = 46.280708/beta^2, ratio to lightest 1.879385, dM = -0.95842864, dM/M_cl = -0.02070903 beta^2 (single count: -0.02070903)
  soliton [4, 5]: M_cl = 62.353829/beta^2, ratio to lightest 2.532089, dM = -1.29128741, dM/M_cl = -0.02070903 beta^2 (single count: -0.02070903)
  soliton [6, 7]: M_cl = 70.906158/beta^2, ratio to lightest 2.879385, dM = -1.46839786, dM/M_cl = -0.02070903 beta^2 (single count: -0.02070903)
  [same theory continued, beta_r^2 = -beta^2] particle dlog(m_a/m_1) per beta^2: [-0.  0. -0.  0.]
      soliton  dlog(M_a/M_1) counting rule : [ 0. -0.  0.  0.]  -> max dev 1.7e-17
      soliton  dlog(M_a/M_1) single count  : [ 0. -0.  0.  0.]  -> max dev 1.7e-17
      M_a^qu/m_a^qu - classical, per beta^2 (should be a-independent): [-0.03978874 -0.03978874 -0.03978874 -0.03978874]

##### d_3^(2) from a_5^(1) (indirect)  (beta_parent^2 = 2.0 beta^2)
  folded channel masses^2 (thresholds): [1. 3.]
  soliton [0, 1]: M_cl = 12.000000/beta^2, ratio to lightest 1.000000, dM = -0.49228221, dM/M_cl = -0.04102352 beta^2 (single count: -0.04102352)
  soliton [2, 3]: M_cl = 20.784610/beta^2, ratio to lightest 1.732051, dM = -0.68599112, dM/M_cl = -0.03300476 beta^2 (single count: -0.03300476)
  [same theory continued, beta_r^2 = -beta^2] particle dlog(m_a/m_1) per beta^2: [-0.          0.00801875]
      soliton  dlog(M_a/M_1) counting rule : [0.         0.00801875]  -> max dev 5.2e-18
      soliton  dlog(M_a/M_1) single count  : [0.         0.00801875]  -> max dev 5.2e-18
      M_a^qu/m_a^qu - classical, per beta^2 (should be a-independent): [-0.05305165 -0.05305165]

##### d_4^(2) from a_7^(1) (indirect)  (beta_parent^2 = 2.0 beta^2)
  folded channel masses^2 (thresholds): [0.585786 2.       3.414214]
  soliton [0, 1]: M_cl = 12.245870/beta^2, ratio to lightest 1.000000, dM = -0.49990164, dM/M_cl = -0.04082206 beta^2 (single count: -0.04082206)
  soliton [2, 3]: M_cl = 22.627417/beta^2, ratio to lightest 1.847759, dM = -0.85047447, dM/M_cl = -0.03758602 beta^2 (single count: -0.03758602)
  soliton [4, 5]: M_cl = 29.564145/beta^2, ratio to lightest 2.414214, dM = -0.93627126, dM/M_cl = -0.03166915 beta^2 (single count: -0.03166915)
  [same theory continued, beta_r^2 = -beta^2] particle dlog(m_a/m_1) per beta^2: [-0.          0.00323604  0.00915291]
      soliton  dlog(M_a/M_1) counting rule : [0.         0.00323604 0.00915291]  -> max dev 3.1e-17
      soliton  dlog(M_a/M_1) single count  : [0.         0.00323604 0.00915291]  -> max dev 3.1e-17
      M_a^qu/m_a^qu - classical, per beta^2 (should be a-independent): [-0.0596831 -0.0596831 -0.0596831]

##### d_5^(2) from a_9^(1) (indirect)  (beta_parent^2 = 2.0 beta^2)
  folded channel masses^2 (thresholds): [0.381966 1.381966 2.618034 3.618034]
  soliton [0, 1]: M_cl = 12.360680/beta^2, ratio to lightest 1.000000, dM = -0.50158836, dM/M_cl = -0.04057935 beta^2 (single count: -0.04057935)
  soliton [2, 3]: M_cl = 23.511410/beta^2, ratio to lightest 1.902113, dM = -0.91588115, dM/M_cl = -0.03895475 beta^2 (single count: -0.03895475)
  soliton [4, 5]: M_cl = 32.360680/beta^2, ratio to lightest 2.618034, dM = -1.16786687, dM/M_cl = -0.03608907 beta^2 (single count: -0.03608907)
  soliton [6, 7]: M_cl = 38.042261/beta^2, ratio to lightest 3.077684, dM = -1.20553364, dM/M_cl = -0.03168933 beta^2 (single count: -0.03168933)
  [same theory continued, beta_r^2 = -beta^2] particle dlog(m_a/m_1) per beta^2: [-0.          0.0016246   0.00449028  0.00889002]
      soliton  dlog(M_a/M_1) counting rule : [0.         0.0016246  0.00449028 0.00889002]  -> max dev 2.4e-17
      soliton  dlog(M_a/M_1) single count  : [0.         0.0016246  0.00449028 0.00889002]  -> max dev 2.4e-17
      M_a^qu/m_a^qu - classical, per beta^2 (should be a-independent): [-0.06366198 -0.06366198 -0.06366198 -0.06366198]
