
== b_3 (d_4^(1)): invariant orbits [[0], [1, 2], [3]]
  composite [1, 2]: tau degrees [2, 2, 4, 2, 2] (expected |orbit| n_j = [2, 2, 4, 2, 2])
     channel [0]: fluctuation degree <= tau degree: True;  |X_Hirota/X_product - 1| <= 1.4e-15; diag resid 3.2e-15
     channel [1, 2]: fluctuation degree <= tau degree: True;  |X_Hirota/X_product - 1| <= 7.0e-16; diag resid 1.1e-15
     channel [3]: fluctuation degree <= tau degree: True;  |X_Hirota/X_product - 1| <= 1.6e-14; diag resid 7.9e-15
  worst deviation from product rule: 1.6e-14

== b_4 (d_5^(1)): invariant orbits [[0], [1, 2], [3], [4]]
  composite [1, 2]: tau degrees [2, 2, 4, 4, 2, 2] (expected |orbit| n_j = [2, 2, 4, 4, 2, 2])
     channel [0]: fluctuation degree <= tau degree: True;  |X_Hirota/X_product - 1| <= 2.6e-15; diag resid 1.5e-14
     channel [1, 2]: fluctuation degree <= tau degree: True;  |X_Hirota/X_product - 1| <= 2.1e-15; diag resid 1.3e-14
     channel [3]: fluctuation degree <= tau degree: True;  |X_Hirota/X_product - 1| <= 1.7e-14; diag resid 3.6e-14
     channel [4]: fluctuation degree <= tau degree: True;  |X_Hirota/X_product - 1| <= 3.5e-14; diag resid 4.7e-14
  worst deviation from product rule: 3.5e-14

== b_5 (d_6^(1)): invariant orbits [[0], [1, 2], [3], [4], [5]]
  composite [1, 2]: tau degrees [2, 2, 4, 4, 4, 2, 2] (expected |orbit| n_j = [2, 2, 4, 4, 4, 2, 2])
     channel [0]: fluctuation degree <= tau degree: True;  |X_Hirota/X_product - 1| <= 5.4e-15; diag resid 1.5e-14
     channel [1, 2]: fluctuation degree <= tau degree: True;  |X_Hirota/X_product - 1| <= 2.9e-15; diag resid 3.5e-14
     channel [3]: fluctuation degree <= tau degree: True;  |X_Hirota/X_product - 1| <= 1.5e-14; diag resid 6.6e-14
     channel [4]: fluctuation degree <= tau degree: True;  |X_Hirota/X_product - 1| <= 5.7e-14; diag resid 4.9e-14
     channel [5]: fluctuation degree <= tau degree: True;  |X_Hirota/X_product - 1| <= 7.9e-14; diag resid 7.4e-14
  worst deviation from product rule: 7.9e-14

== g_2 (d_4^(1)): invariant orbits [[0, 1, 2], [3]]
  composite [0, 1, 2]: tau degrees [3, 3, 6, 3, 3] (expected |orbit| n_j = [3, 3, 6, 3, 3])
     channel [0, 1, 2]: fluctuation degree <= tau degree: True;  |X_Hirota/X_product - 1| <= 6.8e-14; diag resid 1.4e-12
     channel [3]: fluctuation degree <= tau degree: True;  |X_Hirota/X_product - 1| <= 1.3e-11; diag resid 6.4e-12
  worst deviation from product rule: 1.3e-11

== f_4 (e_6^(1)): invariant orbits [[0, 1], [2], [3, 4], [5]]
  composite [0, 1]: tau degrees [2, 2, 4, 4, 6, 4, 2] (expected |orbit| n_j = [2, 2, 4, 4, 6, 4, 2])
     channel [0, 1]: fluctuation degree <= tau degree: True;  |X_Hirota/X_product - 1| <= 2.6e-15; diag resid 4.7e-15
     channel [2]: fluctuation degree <= tau degree: True;  |X_Hirota/X_product - 1| <= 1.5e-15; diag resid 6.7e-15
     channel [3, 4]: fluctuation degree <= tau degree: True;  |X_Hirota/X_product - 1| <= 4.1e-15; diag resid 1.1e-14
     channel [5]: fluctuation degree <= tau degree: True;  |X_Hirota/X_product - 1| <= 1.8e-14; diag resid 6.8e-15
  composite [3, 4]: tau degrees [2, 2, 4, 4, 6, 4, 2] (expected |orbit| n_j = [2, 2, 4, 4, 6, 4, 2])
     channel [0, 1]: fluctuation degree <= tau degree: True;  |X_Hirota/X_product - 1| <= 3.6e-12; diag resid 1.3e-10
     channel [2]: fluctuation degree <= tau degree: True;  |X_Hirota/X_product - 1| <= 2.7e-10; diag resid 3.9e-10
     channel [3, 4]: fluctuation degree <= tau degree: True;  |X_Hirota/X_product - 1| <= 8.2e-11; diag resid 1.7e-09
     channel [5]: fluctuation degree <= tau degree: True;  |X_Hirota/X_product - 1| <= 8.4e-09; diag resid 5.4e-09
  worst deviation from product rule: 8.4e-09

== c_4 (a_7^(1)): invariant orbits [[0, 1], [2, 3], [4, 5], [6]]
  composite [0, 1]: tau degrees [2, 2, 2, 2, 2, 2, 2, 2] (expected |orbit| n_j = [2, 2, 2, 2, 2, 2, 2, 2])
     channel [0, 1]: fluctuation degree <= tau degree: True;  |X_Hirota/X_product - 1| <= 3.7e-15; diag resid 2.2e-15
     channel [2, 3]: fluctuation degree <= tau degree: True;  |X_Hirota/X_product - 1| <= 2.0e-15; diag resid 3.1e-15
     channel [4, 5]: fluctuation degree <= tau degree: True;  |X_Hirota/X_product - 1| <= 1.4e-15; diag resid 1.6e-15
     channel [6]: fluctuation degree <= tau degree: True;  |X_Hirota/X_product - 1| <= 8.0e-16; diag resid 1.4e-15
  composite [2, 3]: tau degrees [2, 2, 2, 2, 2, 2, 2, 2] (expected |orbit| n_j = [2, 2, 2, 2, 2, 2, 2, 2])
     channel [0, 1]: fluctuation degree <= tau degree: True;  |X_Hirota/X_product - 1| <= 3.2e-15; diag resid 2.1e-15
     channel [2, 3]: fluctuation degree <= tau degree: True;  |X_Hirota/X_product - 1| <= 1.2e-15; diag resid 1.3e-15
     channel [4, 5]: fluctuation degree <= tau degree: True;  |X_Hirota/X_product - 1| <= 9.6e-16; diag resid 2.0e-15
     channel [6]: fluctuation degree <= tau degree: True;  |X_Hirota/X_product - 1| <= 5.4e-15; diag resid 3.3e-15
  composite [4, 5]: tau degrees [2, 2, 2, 2, 2, 2, 2, 2] (expected |orbit| n_j = [2, 2, 2, 2, 2, 2, 2, 2])
     channel [0, 1]: fluctuation degree <= tau degree: True;  |X_Hirota/X_product - 1| <= 1.1e-15; diag resid 2.1e-15
     channel [2, 3]: fluctuation degree <= tau degree: True;  |X_Hirota/X_product - 1| <= 1.9e-15; diag resid 3.9e-15
     channel [4, 5]: fluctuation degree <= tau degree: True;  |X_Hirota/X_product - 1| <= 5.3e-15; diag resid 5.2e-15
     channel [6]: fluctuation degree <= tau degree: True;  |X_Hirota/X_product - 1| <= 4.4e-15; diag resid 1.1e-14
  worst deviation from product rule: 5.4e-15
