(a) one root, Mellin integral vs psi(arcsin w), 8 values of w in [1e-3, 1]: max diff 3.4e-17
(b) one factor, part 2 vs part 3, 36 values of (mu, w, t): max diff 1.2e-15
(c) Hollowood a_n^(1), all a, h <= 30: max |closed form - (eq-hollowood-mass)| = 2.7e-15
(d) a_n^(1), h <= 10: phase-shift form + sum c_b/4pi vs closed form 2.0e-13; unpaired bookkeeping (no threshold roots) vs closed form 4.4e-16
(e) soliton sectors: pairing; max |c_mu(direct) - c_mu(roots)|; closed form; |closed form - Mellin|
   a3 soliton 1             pairing True   Born 2.9e-12  Delta M -0.5467629256  Mellin diff 2.4e-11
   a4 soliton 1             pairing True   Born 3.6e-12  Delta M -0.5309807866  Mellin diff 6.0e-11
   a4 soliton 2             pairing True   Born 6.7e-12  Delta M -0.8591449601  Mellin diff 9.3e-11
   d4 soliton 1             pairing True   Born 8.6e-12  Delta M -0.7381020385  Mellin diff 1.3e-10
   d4 soliton 3             pairing True   Born 8.6e-12  Delta M -0.7381020385  Mellin diff 1.4e-10
   d4 soliton 2             pairing True   Born 1.5e-11  Delta M -1.2784302319  Mellin diff 2.4e-10
   d5 soliton 1             pairing True   Born 3.8e-12  Delta M -0.7248630699  Mellin diff 9.6e-11
   d5 soliton 4             pairing True   Born 7.9e-12  Delta M -0.9470792417  Mellin diff 1.2e-10
   e6 soliton 1             pairing True   Born 1.1e-11  Delta M -1.0999610368  Mellin diff 1.5e-10
   e6 soliton 2             pairing True   Born 1.5e-11  Delta M -1.5555798164  Mellin diff 2.2e-10
   c3(1)<a5 soliton 1       pairing True   Born 6.1e-12  Delta M -0.5515517082  Mellin diff 1.1e-10
   c3(1)<a5 soliton 2       pairing True   Born 1.4e-11  Delta M -1.1219822484  Mellin diff 2.5e-10
   b3(1)<d4 soliton 3       pairing True   Born 1.7e-11  Delta M -1.0260459190  Mellin diff 2.5e-10
   g2(1)<d4 soliton 1       pairing True   Born 2.6e-11  Delta M -1.2720799318  Mellin diff 3.4e-10
   f4(1)<e6 soliton 1       pairing True   Born 2.2e-11  Delta M -1.5091874927  Mellin diff 3.0e-10
   f4(1)<e6 soliton 3       pairing True   Born 1.4e-11  Delta M -3.0612456801  Mellin diff 4.3e-10
   a4(2)<a4 soliton 1       pairing True   Born 3.5e-12  Delta M -0.5309807866  Mellin diff 6.0e-11
   d4(3)<e6 soliton 2       pairing True   Born 2.6e-12  Delta M -0.9768462124  Mellin diff 2.3e-12
   e6(2)<e7 soliton 1       pairing True   Born 5.8e-12  Delta M -1.3231797654  Mellin diff 8.1e-11
exit 0
